Reusing configuration cache.
> Task :domain:checkKotlinGradlePluginConfigurationErrors SKIPPED
> Task :app:preBuild UP-TO-DATE
> Task :core:ui:preBuild UP-TO-DATE
> Task :data:preBuild UP-TO-DATE
> Task :data:preDebugBuild UP-TO-DATE
> Task :app:preDebugBuild UP-TO-DATE
> Task :domain:processResources NO-SOURCE
> Task :core:ui:preDebugBuild UP-TO-DATE
> Task :data:processDebugNavigationResources UP-TO-DATE
> Task :data:generateDebugResources UP-TO-DATE
> Task :data:javaPreCompileDebug UP-TO-DATE
> Task :data:writeDebugAarMetadata UP-TO-DATE
> Task :app:generateDebugResources UP-TO-DATE
> Task :app:generateDebugBuildConfig UP-TO-DATE
> Task :core:ui:javaPreCompileDebug UP-TO-DATE
> Task :core:ui:processDebugNavigationResources UP-TO-DATE
> Task :app:mapDebugSourceSetPaths UP-TO-DATE
> Task :app:javaPreCompileDebug UP-TO-DATE
> Task :core:ui:writeDebugAarMetadata UP-TO-DATE
> Task :app:createDebugCompatibleScreenManifests UP-TO-DATE
> Task :app:extractDeepLinksDebug UP-TO-DATE
> Task :data:extractDeepLinksDebug UP-TO-DATE
> Task :core:ui:generateDebugResources UP-TO-DATE
> Task :app:preDebugUnitTestBuild UP-TO-DATE
> Task :core:ui:extractDeepLinksDebug UP-TO-DATE
> Task :data:mapDebugSourceSetPaths UP-TO-DATE
> Task :core:ui:mapDebugSourceSetPaths UP-TO-DATE
> Task :data:processDebugManifest UP-TO-DATE
> Task :app:packageDebugResources UP-TO-DATE
> Task :data:packageDebugResources UP-TO-DATE
> Task :core:ui:processDebugManifest UP-TO-DATE
> Task :data:compileDebugLibraryResources UP-TO-DATE
> Task :data:parseDebugLocalResources UP-TO-DATE
> Task :core:ui:packageDebugResources UP-TO-DATE
> Task :domain:compileKotlin UP-TO-DATE
> Task :core:ui:compileDebugLibraryResources UP-TO-DATE
> Task :core:ui:parseDebugLocalResources UP-TO-DATE
> Task :data:generateDebugRFile UP-TO-DATE
> Task :domain:compileJava NO-SOURCE
> Task :domain:classes UP-TO-DATE
> Task :core:ui:generateDebugRFile UP-TO-DATE
> Task :domain:jar UP-TO-DATE
> Task :app:processDebugNavigationResources UP-TO-DATE
> Task :app:checkDebugAarMetadata UP-TO-DATE
> Task :app:compileDebugNavigationResources UP-TO-DATE
> Task :app:parseDebugLocalResources UP-TO-DATE
> Task :app:mergeDebugResources UP-TO-DATE
> Task :app:generateDebugRFile UP-TO-DATE
> Task :app:processDebugMainManifest UP-TO-DATE
> Task :data:kspDebugKotlin UP-TO-DATE
> Task :app:processDebugManifest UP-TO-DATE
> Task :app:processDebugManifestForPackage UP-TO-DATE
> Task :app:processDebugResources UP-TO-DATE
> Task :core:ui:compileDebugKotlin UP-TO-DATE
> Task :core:ui:compileDebugJavaWithJavac NO-SOURCE
> Task :core:ui:bundleLibRuntimeToJarDebug UP-TO-DATE
> Task :core:ui:bundleLibCompileToJarDebug UP-TO-DATE
> Task :data:compileDebugKotlin UP-TO-DATE
> Task :data:compileDebugJavaWithJavac NO-SOURCE
> Task :data:bundleLibCompileToJarDebug UP-TO-DATE
> Task :data:bundleLibRuntimeToJarDebug UP-TO-DATE
> Task :app:kspDebugKotlin UP-TO-DATE
> Task :app:compileDebugKotlin UP-TO-DATE
> Task :app:compileDebugJavaWithJavac UP-TO-DATE
> Task :app:hiltSyncDebug UP-TO-DATE
> Task :app:hiltAggregateDepsDebug UP-TO-DATE
> Task :app:hiltJavaCompileDebug UP-TO-DATE
> Task :app:bundleDebugClassesToCompileJar UP-TO-DATE
> Task :app:kspDebugUnitTestKotlin UP-TO-DATE

> Task :app:compileDebugUnitTestKotlin FAILED
./gradlew : e: file:///C:/Users/Burak/Desktop/projects/Health_App/app/src/test/java/com/burak/healthapp/DashboardReposi
toryTest.kt:552:9 Class 'FakeSettingsRepository' is not abstract and does not implement abstract member:
At line:1 char:1
+ ./gradlew :app:compileDebugUnitTestKotlin > build_output.txt 2>&1
+ ~~~~~~~~~~~~~~~~~~~~~~~~~~~~~~~~~~~~~~~~~~~~~~~~~~~~~~~~~~~~~~~~~
    + CategoryInfo          : NotSpecified: (e: file:///C:/U...bstract member::String) [], RemoteException
    + FullyQualifiedErrorId : NativeCommandError
 
suspend fun completeOnboarding(profile: UserProfile, goals: GoalSettings, initialMeasurement: BodyMeasurementEntry, sup
plements: List<String>, useDefaultSupplementsWhenEmpty: Boolean = ..., dashboardCards: List<DashboardCardConfig>? = ...
, waterReminderSettings: WaterReminderSettings? = ..., stepTrackingEnabled: Boolean? = ...): Unit
e: file:///C:/Users/Burak/Desktop/projects/Health_App/app/src/test/java/com/burak/healthapp/DashboardRepositoryTest.kt:
562:5 'completeOnboarding' overrides nothing. Potential signatures for overriding:
suspend fun completeOnboarding(profile: UserProfile, goals: GoalSettings, initialMeasurement: BodyMeasurementEntry, sup
plements: List<String>, useDefaultSupplementsWhenEmpty: Boolean = ..., dashboardCards: List<DashboardCardConfig>? = ...
, waterReminderSettings: WaterReminderSettings? = ..., stepTrackingEnabled: Boolean? = ...): Unit
e: file:///C:/Users/Burak/Desktop/projects/Health_App/app/src/test/java/com/burak/healthapp/ProfileViewModelTest.kt:300
:9 Class 'FakeProfileSettingsRepository' is not abstract and does not implement abstract member:
suspend fun completeOnboarding(profile: UserProfile, goals: GoalSettings, initialMeasurement: BodyMeasurementEntry, sup
plements: List<String>, useDefaultSupplementsWhenEmpty: Boolean = ..., dashboardCards: List<DashboardCardConfig>? = ...
, waterReminderSettings: WaterReminderSettings? = ..., stepTrackingEnabled: Boolean? = ...): Unit
e: file:///C:/Users/Burak/Desktop/projects/Health_App/app/src/test/java/com/burak/healthapp/ProfileViewModelTest.kt:317
:5 'completeOnboarding' overrides nothing. Potential signatures for overriding:
suspend fun completeOnboarding(profile: UserProfile, goals: GoalSettings, initialMeasurement: BodyMeasurementEntry, sup
plements: List<String>, useDefaultSupplementsWhenEmpty: Boolean = ..., dashboardCards: List<DashboardCardConfig>? = ...
, waterReminderSettings: WaterReminderSettings? = ..., stepTrackingEnabled: Boolean? = ...): Unit

FAILURE: Build failed with an exception.

* What went wrong:
Execution failed for task ':app:compileDebugUnitTestKotlin'.
> A failure occurred while executing org.jetbrains.kotlin.compilerRunner.GradleCompilerRunnerWithWorkers$GradleKotlinCo
mpilerWorkAction
   > Compilation error. See log for more details

* Try:
> Run with --stacktrace option to get the stack trace.
> Run with --info or --debug option to get more log output.
> Run with --scan to get full insights from a Build Scan (powered by Develocity).
> Get more help at https://help.gradle.org.

BUILD FAILED in 3s
56 actionable tasks: 1 executed, 55 up-to-date
Configuration cache entry reused.
